{
  "runtimeOptions": {
    "additionalProbingPaths": [
      "/Users/nouval/.nuget/packages"
    ]
  }
}